[sindevo.com/varius/preview04b9.html]
[backblue.gif]
[fade.gif]
[index.html]
[sindevo.com/varius/preview/preview.css]
[sindevo.com/varius/preview/images/main.png]
[sindevo.com/varius/preview/images/main-simple.png]
[sindevo.com/varius/preview/js/jquery-1.11.1.min.js]
[sindevo.com/varius/preview/images/restaurant.png]
[sindevo.com/varius/preview/images/medical.png]
[sindevo.com/varius/preview/images/beauty.png]
[sindevo.com/varius/preview/images/architecture.png]
[sindevo.com/varius/preview/images/band.png]
[sindevo.com/varius/preview/images/wedding.png]
[sindevo.com/varius/preview/images/tablet.png]
[sindevo.com/varius/preview/images/desktop.png]
[sindevo.com/varius/preview/images/qrcode.png]
[sindevo.com/varius/main/index-toolbar-bottom.html]
[sindevo.com/varius/main/index.html]
[sindevo.com/varius/restaurant/index.html]
[sindevo.com/varius/medical/index.html]
[sindevo.com/varius/beauty/index.html]
[sindevo.com/varius/architecture/index.html]
[sindevo.com/varius/music/index.html]
[sindevo.com/varius/preview04b9.html]
[sindevo.com/varius/wedding/index.html]
[sindevo.com/varius/preview/images/iphone.png]
[sindevo.com/varius/preview/images/trans.png]
[sindevo.com/varius/preview/images/checked.png]
[sindevo.com/varius/preview/images/swipe.png]
[sindevo.com/varius/preview/preview.css]
[sindevo.com/varius/main/images/apple-touch-icon.png]
[sindevo.com/varius/main/images/apple-touch-startup-image-320x460.png]
[sindevo.com/varius/main/images/apple-touch-startup-image-640x920.png]
[sindevo.com/varius/main/css/framework7.css]
[sindevo.com/varius/main/style.css]
[sindevo.com/varius/main/css/swipebox.css]
[sindevo.com/varius/main/images/icons/black/home.png]
[sindevo.com/varius/main/about.html]
[sindevo.com/varius/main/images/icons/black/mobile.png]
[sindevo.com/varius/main/features.html]
[sindevo.com/varius/main/images/icons/black/features.png]
[sindevo.com/varius/main/images/icons/black/lock.png]
[sindevo.com/varius/main/team.html]
[sindevo.com/varius/main/images/icons/black/users.png]
[sindevo.com/varius/main/blog.html]
[sindevo.com/varius/main/images/icons/black/blog.png]
[sindevo.com/varius/main/photos.html]
[sindevo.com/varius/main/images/icons/black/photos.png]
[sindevo.com/varius/main/videos.html]
[sindevo.com/varius/main/images/icons/black/video.png]
[sindevo.com/varius/main/music.html]
[sindevo.com/varius/main/images/icons/black/music.png]
[sindevo.com/varius/main/shop.html]
[sindevo.com/varius/main/images/icons/black/shop.png]
[sindevo.com/varius/main/categories.html]
[sindevo.com/varius/main/images/icons/black/categories.png]
[sindevo.com/varius/main/cart.html]
[sindevo.com/varius/main/images/icons/black/cart.png]
[sindevo.com/varius/main/tables.html]
[sindevo.com/varius/main/images/icons/black/tables.png]
[sindevo.com/varius/main/form.html]
[sindevo.com/varius/main/images/icons/black/form.png]
[sindevo.com/varius/main/contact.html]
[sindevo.com/varius/main/images/icons/black/contact.png]
[sindevo.com/varius/main/images/page_photo.jpg]
[sindevo.com/varius/main/images/avatar.jpg]
[sindevo.com/varius/main/images/icons/black/settings.png]
[sindevo.com/varius/main/images/icons/black/briefcase.png]
[sindevo.com/varius/main/images/icons/black/message.png]
[sindevo.com/varius/main/images/icons/black/love.png]
[sindevo.com/varius/main/images/icons/black/menu.png]
[sindevo.com/varius/main/images/icons/black/user.png]
[sindevo.com/varius/main/images/slide1.jpg]
[sindevo.com/varius/main/images/slide2.jpg]
[sindevo.com/varius/main/images/slide3.jpg]
[sindevo.com/varius/main/images/icons/black/phone.png]
[sindevo.com/varius/main/images/icons/black/map.png]
[sindevo.com/varius/main/images/icons/black/menu_close.png]
[sindevo.com/varius/main/images/icons/black/twitter.png]
[sindevo.com/varius/main/images/icons/black/facebook.png]
[sindevo.com/varius/main/images/icons/black/gplus.png]
[sindevo.com/varius/main/images/icons/black/dribbble.png]
[sindevo.com/varius/main/images/icons/black/linkedin.png]
[sindevo.com/varius/main/images/icons/black/pinterest.png]
[sindevo.com/varius/main/js/jquery.validate.min.js]
[sindevo.com/varius/main/js/jquery-1.10.1.min.js]
[sindevo.com/varius/main/js/jquery.swipebox.js]
[sindevo.com/varius/main/js/jquery.fitvids.js]
[sindevo.com/varius/main/js/email.js]
[sindevo.com/varius/main/js/circlemenu.js]
[sindevo.com/varius/main/index-toolbar-bottom.html]
[sindevo.com/varius/main/js/my-app.js]
[sindevo.com/varius/main/js/audio.min.js]
[sindevo.com/varius/main/index.html]
[sindevo.com/varius/restaurant/images/apple-touch-icon.png]
[sindevo.com/varius/restaurant/images/apple-touch-startup-image-320x460.png]
[sindevo.com/varius/restaurant/images/apple-touch-startup-image-640x920.png]
[sindevo.com/varius/restaurant/css/framework7.css]
[sindevo.com/varius/restaurant/style.css]
[sindevo.com/varius/restaurant/css/swipebox.css]
[sindevo.com/varius/restaurant/images/icons/black/home.png]
[sindevo.com/varius/restaurant/about.html]
[sindevo.com/varius/restaurant/images/icons/black/mobile.png]
[sindevo.com/varius/restaurant/features.html]
[sindevo.com/varius/restaurant/images/icons/black/features.png]
[sindevo.com/varius/restaurant/images/icons/black/lock.png]
[sindevo.com/varius/restaurant/team.html]
[sindevo.com/varius/restaurant/images/icons/black/users.png]
[sindevo.com/varius/restaurant/blog.html]
[sindevo.com/varius/restaurant/images/icons/black/blog.png]
[sindevo.com/varius/main/js/framework7.js]
[sindevo.com/varius/restaurant/photos.html]
[sindevo.com/varius/restaurant/images/icons/black/photos.png]
[sindevo.com/varius/restaurant/videos.html]
[sindevo.com/varius/restaurant/images/icons/black/video.png]
[sindevo.com/varius/restaurant/music.html]
[sindevo.com/varius/restaurant/images/icons/black/music.png]
[sindevo.com/varius/restaurant/shop.html]
[sindevo.com/varius/restaurant/images/icons/black/shop.png]
[sindevo.com/varius/restaurant/categories.html]
[sindevo.com/varius/restaurant/images/icons/black/categories.png]
[sindevo.com/varius/restaurant/cart.html]
[sindevo.com/varius/restaurant/images/icons/black/cart.png]
[sindevo.com/varius/restaurant/tables.html]
[sindevo.com/varius/restaurant/images/icons/black/tables.png]
[sindevo.com/varius/restaurant/form.html]
[sindevo.com/varius/restaurant/images/icons/black/form.png]
[sindevo.com/varius/restaurant/contact.html]
[sindevo.com/varius/restaurant/images/icons/black/contact.png]
[sindevo.com/varius/restaurant/images/page_photo.jpg]
[sindevo.com/varius/restaurant/images/avatar.jpg]
[sindevo.com/varius/restaurant/images/icons/black/settings.png]
[sindevo.com/varius/restaurant/images/icons/black/briefcase.png]
[sindevo.com/varius/restaurant/images/icons/black/message.png]
[sindevo.com/varius/restaurant/images/icons/black/love.png]
[sindevo.com/varius/restaurant/images/icons/white/menu.png]
[sindevo.com/varius/restaurant/images/logo_image.png]
[sindevo.com/varius/restaurant/images/icons/white/user.png]
[sindevo.com/varius/restaurant/images/slide1.jpg]
[sindevo.com/varius/restaurant/images/slide2.jpg]
[sindevo.com/varius/restaurant/images/slide3.jpg]
[sindevo.com/varius/restaurant/images/icons/black/food.png]
[sindevo.com/varius/restaurant/images/icons/black/phone.png]
[sindevo.com/varius/restaurant/images/icons/black/map.png]
[sindevo.com/varius/restaurant/images/icons/black/menu_close.png]
[sindevo.com/varius/restaurant/images/icons/black/twitter.png]
[sindevo.com/varius/restaurant/images/icons/black/facebook.png]
[sindevo.com/varius/restaurant/images/icons/black/gplus.png]
[sindevo.com/varius/restaurant/images/icons/black/dribbble.png]
[sindevo.com/varius/restaurant/images/icons/black/linkedin.png]
[sindevo.com/varius/restaurant/images/icons/black/pinterest.png]
[sindevo.com/varius/restaurant/js/jquery.validate.min.js]
[sindevo.com/varius/restaurant/js/jquery-1.10.1.min.js]
[sindevo.com/varius/restaurant/js/jquery.swipebox.js]
[sindevo.com/varius/restaurant/js/jquery.fitvids.js]
[sindevo.com/varius/restaurant/js/email.js]
[sindevo.com/varius/restaurant/js/circlemenu.js]
[sindevo.com/varius/restaurant/js/audio.min.js]
[sindevo.com/varius/restaurant/js/my-app.js]
[sindevo.com/varius/restaurant/index.html]
[sindevo.com/varius/medical/images/apple-touch-icon.png]
[sindevo.com/varius/medical/images/apple-touch-startup-image-320x460.png]
[sindevo.com/varius/medical/images/apple-touch-startup-image-640x920.png]
[sindevo.com/varius/medical/css/framework7.css]
[sindevo.com/varius/medical/style.css]
[sindevo.com/varius/medical/css/swipebox.css]
[sindevo.com/varius/medical/images/icons/black/home.png]
[sindevo.com/varius/medical/about.html]
[sindevo.com/varius/restaurant/js/framework7.js]
[sindevo.com/varius/medical/images/icons/black/mobile.png]
[sindevo.com/varius/medical/features.html]
[sindevo.com/varius/medical/images/icons/black/features.png]
[sindevo.com/varius/medical/images/icons/black/lock.png]
[sindevo.com/varius/medical/team.html]
[sindevo.com/varius/medical/images/icons/black/users.png]
[sindevo.com/varius/medical/blog.html]
[sindevo.com/varius/medical/images/icons/black/blog.png]
[sindevo.com/varius/medical/photos.html]
[sindevo.com/varius/medical/images/icons/black/photos.png]
[sindevo.com/varius/medical/videos.html]
[sindevo.com/varius/medical/images/icons/black/video.png]
[sindevo.com/varius/medical/music.html]
[sindevo.com/varius/medical/images/icons/black/music.png]
[sindevo.com/varius/medical/shop.html]
[sindevo.com/varius/medical/images/icons/black/shop.png]
[sindevo.com/varius/medical/categories.html]
[sindevo.com/varius/medical/images/icons/black/categories.png]
[sindevo.com/varius/medical/cart.html]
[sindevo.com/varius/medical/images/icons/black/cart.png]
[sindevo.com/varius/medical/tables.html]
[sindevo.com/varius/medical/images/icons/black/tables.png]
[sindevo.com/varius/medical/form.html]
[sindevo.com/varius/medical/images/icons/black/form.png]
[sindevo.com/varius/medical/contact.html]
[sindevo.com/varius/medical/images/icons/black/contact.png]
[sindevo.com/varius/medical/images/page_photo.jpg]
[sindevo.com/varius/medical/images/avatar.jpg]
[sindevo.com/varius/medical/images/icons/black/settings.png]
[sindevo.com/varius/medical/images/icons/black/briefcase.png]
[sindevo.com/varius/medical/images/icons/black/message.png]
[sindevo.com/varius/medical/images/icons/black/love.png]
[sindevo.com/varius/medical/images/logo_image.png]
[sindevo.com/varius/medical/images/icons/black/menu.png]
[sindevo.com/varius/medical/images/slide1.jpg]
[sindevo.com/varius/medical/images/slide2.jpg]
[sindevo.com/varius/medical/images/slide3.jpg]
[sindevo.com/varius/medical/images/icons/blue/users.png]
[sindevo.com/varius/medical/images/icons/blue/love.png]
[sindevo.com/varius/medical/images/icons/blue/building.png]
[sindevo.com/varius/medical/images/icons/blue/blog.png]
[sindevo.com/varius/medical/images/icons/blue/phone.png]
[sindevo.com/varius/medical/images/icons/blue/map.png]
[sindevo.com/varius/medical/images/icons/blue/settings.png]
[sindevo.com/varius/medical/images/icons/blue/contact.png]
[sindevo.com/varius/medical/images/icons/black/menu_close.png]
[sindevo.com/varius/medical/images/icons/black/twitter.png]
[sindevo.com/varius/medical/images/icons/black/facebook.png]
[sindevo.com/varius/medical/images/icons/black/gplus.png]
[sindevo.com/varius/medical/images/icons/black/dribbble.png]
[sindevo.com/varius/medical/images/icons/black/linkedin.png]
[sindevo.com/varius/medical/images/icons/black/pinterest.png]
[sindevo.com/varius/medical/js/jquery.validate.min.js]
[sindevo.com/varius/medical/js/jquery.swipebox.js]
[sindevo.com/varius/medical/js/jquery.fitvids.js]
[sindevo.com/varius/medical/js/jquery-1.10.1.min.js]
[sindevo.com/varius/medical/js/email.js]
[sindevo.com/varius/medical/js/circlemenu.js]
[sindevo.com/varius/medical/js/audio.min.js]
[sindevo.com/varius/medical/index.html]
[sindevo.com/varius/medical/js/my-app.js]
[sindevo.com/varius/beauty/images/apple-touch-icon.png]
[sindevo.com/varius/beauty/images/apple-touch-startup-image-320x460.png]
[sindevo.com/varius/beauty/images/apple-touch-startup-image-640x920.png]
[sindevo.com/varius/beauty/css/framework7.css]
[sindevo.com/varius/beauty/style.css]
[sindevo.com/varius/beauty/css/swipebox.css]
[sindevo.com/varius/beauty/images/icons/white/home.png]
[sindevo.com/varius/beauty/about.html]
[sindevo.com/varius/beauty/images/icons/white/mobile.png]
[sindevo.com/varius/beauty/features.html]
[sindevo.com/varius/beauty/images/icons/white/features.png]
[sindevo.com/varius/beauty/images/icons/white/lock.png]
[sindevo.com/varius/medical/js/framework7.js]
[sindevo.com/varius/beauty/team.html]
[sindevo.com/varius/beauty/images/icons/white/users.png]
[sindevo.com/varius/beauty/blog.html]
[sindevo.com/varius/beauty/images/icons/white/blog.png]
[sindevo.com/varius/beauty/photos.html]
[sindevo.com/varius/beauty/images/icons/white/photos.png]
[sindevo.com/varius/beauty/videos.html]
[sindevo.com/varius/beauty/images/icons/white/video.png]
[sindevo.com/varius/beauty/music.html]
[sindevo.com/varius/beauty/images/icons/white/music.png]
[sindevo.com/varius/beauty/shop.html]
[sindevo.com/varius/beauty/images/icons/white/shop.png]
[sindevo.com/varius/beauty/categories.html]
[sindevo.com/varius/beauty/images/icons/white/categories.png]
[sindevo.com/varius/beauty/cart.html]
[sindevo.com/varius/beauty/images/icons/white/cart.png]
[sindevo.com/varius/beauty/tables.html]
[sindevo.com/varius/beauty/images/icons/white/tables.png]
[sindevo.com/varius/beauty/form.html]
[sindevo.com/varius/beauty/images/icons/white/form.png]
[sindevo.com/varius/beauty/contact.html]
[sindevo.com/varius/beauty/images/icons/white/contact.png]
[sindevo.com/varius/beauty/images/page_photo.jpg]
[sindevo.com/varius/beauty/images/avatar.jpg]
[sindevo.com/varius/beauty/images/icons/white/settings.png]
[sindevo.com/varius/beauty/images/icons/white/briefcase.png]
[sindevo.com/varius/beauty/images/icons/white/message.png]
[sindevo.com/varius/beauty/images/icons/white/love.png]
[sindevo.com/varius/beauty/images/icons/white/menu.png]
[sindevo.com/varius/beauty/images/logo_image.png]
[sindevo.com/varius/beauty/images/icons/white/user.png]
[sindevo.com/varius/beauty/images/slide1.jpg]
[sindevo.com/varius/beauty/images/slide2.jpg]
[sindevo.com/varius/beauty/images/slide3.jpg]
[sindevo.com/varius/beauty/images/icons/white/gift.png]
[sindevo.com/varius/beauty/images/icons/white/phone.png]
[sindevo.com/varius/beauty/images/icons/white/map.png]
[sindevo.com/varius/beauty/images/icons/black/menu_close.png]
[sindevo.com/varius/beauty/images/icons/black/twitter.png]
[sindevo.com/varius/beauty/images/icons/black/facebook.png]
[sindevo.com/varius/beauty/images/icons/black/gplus.png]
[sindevo.com/varius/beauty/images/icons/black/dribbble.png]
[sindevo.com/varius/beauty/images/icons/black/linkedin.png]
[sindevo.com/varius/beauty/images/icons/black/pinterest.png]
[sindevo.com/varius/beauty/js/jquery.validate.min.js]
[sindevo.com/varius/beauty/js/jquery.swipebox.js]
[sindevo.com/varius/beauty/js/jquery-1.10.1.min.js]
[sindevo.com/varius/beauty/js/jquery.fitvids.js]
[sindevo.com/varius/beauty/js/email.js]
[sindevo.com/varius/beauty/js/circlemenu.js]
[sindevo.com/varius/beauty/js/audio.min.js]
[sindevo.com/varius/beauty/js/my-app.js]
[sindevo.com/varius/beauty/index.html]
[sindevo.com/varius/architecture/images/apple-touch-icon.png]
[sindevo.com/varius/architecture/images/apple-touch-startup-image-320x460.png]
[sindevo.com/varius/architecture/images/apple-touch-startup-image-640x920.png]
[sindevo.com/varius/architecture/css/framework7.css]
[sindevo.com/varius/architecture/style.css]
[sindevo.com/varius/architecture/css/swipebox.css]
[sindevo.com/varius/architecture/images/icons/white/home.png]
[sindevo.com/varius/architecture/about.html]
[sindevo.com/varius/architecture/images/icons/white/mobile.png]
[sindevo.com/varius/architecture/features.html]
[sindevo.com/varius/architecture/images/icons/white/features.png]
[sindevo.com/varius/architecture/images/icons/white/lock.png]
[sindevo.com/varius/architecture/team.html]
[sindevo.com/varius/architecture/images/icons/white/users.png]
[sindevo.com/varius/architecture/blog.html]
[sindevo.com/varius/architecture/images/icons/white/blog.png]
[sindevo.com/varius/architecture/photos.html]
[sindevo.com/varius/architecture/images/icons/white/photos.png]
[sindevo.com/varius/beauty/js/framework7.js]
[sindevo.com/varius/architecture/videos.html]
[sindevo.com/varius/architecture/images/icons/white/video.png]
[sindevo.com/varius/architecture/music.html]
[sindevo.com/varius/architecture/images/icons/white/music.png]
[sindevo.com/varius/architecture/shop.html]
[sindevo.com/varius/architecture/images/icons/white/shop.png]
[sindevo.com/varius/architecture/categories.html]
[sindevo.com/varius/architecture/images/icons/white/categories.png]
[sindevo.com/varius/architecture/cart.html]
[sindevo.com/varius/architecture/images/icons/white/cart.png]
[sindevo.com/varius/architecture/tables.html]
[sindevo.com/varius/architecture/images/icons/white/tables.png]
[sindevo.com/varius/architecture/form.html]
[sindevo.com/varius/architecture/images/icons/white/form.png]
[sindevo.com/varius/architecture/contact.html]
[sindevo.com/varius/architecture/images/icons/white/contact.png]
[sindevo.com/varius/architecture/images/page_photo.jpg]
[sindevo.com/varius/architecture/images/avatar.jpg]
[sindevo.com/varius/architecture/images/icons/black/settings.png]
[sindevo.com/varius/architecture/images/icons/black/briefcase.png]
[sindevo.com/varius/architecture/images/icons/black/message.png]
[sindevo.com/varius/architecture/images/icons/black/love.png]
[sindevo.com/varius/architecture/images/icons/black/lock.png]
[sindevo.com/varius/architecture/images/logo_image.png]
[sindevo.com/varius/architecture/images/icons/white/menu.png]
[sindevo.com/varius/architecture/images/slide1.jpg]
[sindevo.com/varius/architecture/images/slide2.jpg]
[sindevo.com/varius/architecture/images/slide3.jpg]
[sindevo.com/varius/architecture/images/icons/black/home.png]
[sindevo.com/varius/architecture/images/icons/black/building.png]
[sindevo.com/varius/architecture/images/icons/black/users.png]
[sindevo.com/varius/architecture/images/icons/black/blog.png]
[sindevo.com/varius/architecture/images/icons/black/phone.png]
[sindevo.com/varius/architecture/images/icons/black/map.png]
[sindevo.com/varius/architecture/images/icons/black/contact.png]
[sindevo.com/varius/architecture/images/icons/black/menu_close.png]
[sindevo.com/varius/architecture/images/icons/black/twitter.png]
[sindevo.com/varius/architecture/images/icons/black/facebook.png]
[sindevo.com/varius/architecture/images/icons/black/gplus.png]
[sindevo.com/varius/architecture/images/icons/black/dribbble.png]
[sindevo.com/varius/architecture/images/icons/black/linkedin.html]
[sindevo.com/varius/architecture/index.html]
[sindevo.com/varius/music/index.html]
[sindevo.com/varius/wedding/index.html]
[sindevo.com/varius/main/css/framework7.css]
[sindevo.com/varius/main/style.css]
[sindevo.com/varius/main/css/swipebox.css]
[sindevo.com/varius/main/about.html]
[sindevo.com/varius/main/features.html]
[sindevo.com/varius/main/team.html]
[sindevo.com/varius/main/blog.html]
[sindevo.com/varius/main/photos.html]
[sindevo.com/varius/main/videos.html]
[sindevo.com/varius/main/music.html]
[sindevo.com/varius/main/shop.html]
[sindevo.com/varius/main/categories.html]
[sindevo.com/varius/main/cart.html]
[sindevo.com/varius/main/tables.html]
[sindevo.com/varius/main/form.html]
[sindevo.com/varius/main/contact.html]
[sindevo.com/varius/restaurant/css/framework7.css]
[sindevo.com/varius/restaurant/style.css]
[sindevo.com/varius/restaurant/css/swipebox.css]
[sindevo.com/varius/restaurant/about.html]
[sindevo.com/varius/restaurant/features.html]
[sindevo.com/varius/restaurant/team.html]
[sindevo.com/varius/restaurant/blog.html]
[sindevo.com/varius/restaurant/photos.html]
[sindevo.com/varius/restaurant/videos.html]
[sindevo.com/varius/restaurant/music.html]
[sindevo.com/varius/restaurant/shop.html]
[sindevo.com/varius/restaurant/categories.html]
[sindevo.com/varius/restaurant/cart.html]
[sindevo.com/varius/restaurant/tables.html]
[sindevo.com/varius/restaurant/form.html]
[sindevo.com/varius/restaurant/contact.html]
[sindevo.com/varius/medical/css/framework7.css]
[sindevo.com/varius/medical/style.css]
[sindevo.com/varius/medical/css/swipebox.css]
[sindevo.com/varius/medical/about.html]
[sindevo.com/varius/medical/features.html]
[sindevo.com/varius/medical/team.html]
[sindevo.com/varius/medical/blog.html]
[sindevo.com/varius/medical/photos.html]
[sindevo.com/varius/medical/videos.html]
[sindevo.com/varius/medical/music.html]
[sindevo.com/varius/medical/shop.html]
[sindevo.com/varius/medical/categories.html]
[sindevo.com/varius/medical/cart.html]
[sindevo.com/varius/medical/tables.html]
[sindevo.com/varius/medical/form.html]
[sindevo.com/varius/medical/contact.html]
[sindevo.com/varius/beauty/css/framework7.css]
[sindevo.com/varius/beauty/style.css]
[sindevo.com/varius/beauty/css/swipebox.css]
[sindevo.com/varius/beauty/about.html]
[sindevo.com/varius/beauty/features.html]
[sindevo.com/varius/beauty/team.html]
[sindevo.com/varius/beauty/blog.html]
[sindevo.com/varius/beauty/photos.html]
[sindevo.com/varius/beauty/videos.html]
[sindevo.com/varius/beauty/music.html]
[sindevo.com/varius/beauty/shop.html]
[sindevo.com/varius/beauty/categories.html]
[sindevo.com/varius/beauty/cart.html]
[sindevo.com/varius/beauty/tables.html]
[sindevo.com/varius/beauty/form.html]
[sindevo.com/varius/beauty/contact.html]
[sindevo.com/varius/architecture/css/framework7.css]
[sindevo.com/varius/architecture/style.css]
[sindevo.com/varius/architecture/css/swipebox.css]
[sindevo.com/varius/architecture/about.html]
[sindevo.com/varius/architecture/features.html]
[sindevo.com/varius/architecture/team.html]
[sindevo.com/varius/architecture/blog.html]
[sindevo.com/varius/architecture/photos.html]
[sindevo.com/varius/architecture/videos.html]
[sindevo.com/varius/architecture/music.html]
[sindevo.com/varius/architecture/shop.html]
[sindevo.com/varius/architecture/categories.html]
[sindevo.com/varius/architecture/cart.html]
[sindevo.com/varius/architecture/tables.html]
[sindevo.com/varius/architecture/form.html]
[sindevo.com/varius/architecture/contact.html]
